### Documentation link for postgress

https://www.digitalocean.com/community/tutorials/how-to-use-postgresql-with-your-django-application-on-ubuntu-14-04

https://stackoverflow.com/a/27351341/7999665
https://en.wikipedia.org/wiki/List_of_tz_database_time_zones



yously_rd@inventory-server:~$ sudo su - postgres
postgres@inventory-server:~$ psql

postgres=# CREATE DATABASE inventoryProject;
CREATE DATABASE

postgres=# CREATE USER prady WITH PASSWORD 'harebol@123';
CREATE ROLE

postgres=# ALTER ROLE prady SET client_encoding TO 'utf8';
ALTER ROLE

postgres=# ALTER ROLE prady SET default_transaction_isolation TO 'read committed';
ALTER ROLE

postgres=# ALTER ROLE prady SET timezone TO 'Asia/Kolkata';
ALTER ROLE

GRANT ALL PRIVILEGES ON DATABASE inventoryProject TO prady;






https://stackoverflow.com/a/4313625/7999665

psql
ALTER DATABASE inventorymangment OWNER TO prady;
\q
psql -l



yously_rd@inventory-server:~/dudic-inventory$ sudo su - postgres
postgres@inventory-server:~$ psql
psql (9.5.19)
Type "help" for help.
postgres=# REATE DATABASE InventoryMangment;
ERROR:  syntax error at or near "REATE"
LINE 1: REATE DATABASE InventoryMangment;
        ^
postgres=# CREATE DATABASE InventoryMangment;
CREATE DATABASE
postgres=# CREATE USER prady WITH PASSWORD 'harebol@123';
ERROR:  role "prady" already exists
postgres=# ALTER ROLE prady SET client_encoding TO 'utf8';
ALTER ROLE
postgres=# ALTER ROLE prady SET default_transaction_isolation TO 'read committed';
ALTER ROLE
postgres=# ALTER ROLE prady SET timezone TO 'Asia/Kolkata';
ALTER ROLE
postgres=# GRANT ALL PRIVILEGES ON DATABASE InventoryMangment TO prady;
GRANT
postgres=# \q
postgres@inventory-server:~$ exit






































##